2025-10-03 08:23:16.900 - LoadIconFromFile: Looking for icon at: C:\Users\Emils\Dropbox\CBWSS-SYNC\CBWSS-SYNC\GUI\CBWSS-Logo.png
2025-10-03 08:23:16.903 - LoadIconFromFile: File exists, loading as bitmap
2025-10-03 08:23:16.945 - LoadConfiguration: Starting load process
2025-10-03 08:23:16.946 - LoadConfiguration: Config file path = C:\Users\Emils\AppData\Roaming\GCodeSync\GCodeSyncConfig.json
2025-10-03 08:23:16.946 - LoadConfiguration: Loaded FtpServer = '192.168.15.90'
2025-10-03 08:23:16.946 - LoadConfiguration: Loaded FtpPort = 21
2025-10-03 08:23:16.947 - LoadConfiguration: Loaded WatchFolder = 'C:\Users\Emils\Dropbox\MozaikShared\CUSTOMBUILT\CNCSync\TESTNEWSYNC\GCode'
2025-10-03 08:23:16.947 - LoadConfiguration: Set txtFtpServer.Text to '192.168.15.90'
2025-10-03 08:23:16.955 - Initializing local browser to: C:\Users\Emils\Dropbox\MozaikShared\CUSTOMBUILT\CNCSync\TESTNEWSYNC\FTPUpload (Root boundary set)
2025-10-03 08:23:16.958 - Initializing remote browser with FTP connection
2025-10-03 08:23:16.960 - Loading FTP directory: /
2025-10-03 08:23:16.978 - SetVisibleCore: Called with value=True, _allowVisible=False, WindowState=Minimized
2025-10-03 08:23:16.979 - SetVisibleCore: Blocked visibility - form not allowed to show yet
2025-10-03 08:23:16.983 - [08:23:16] INFO: STARTUP TIMING: AutoDetectAndStartMonitoring started at 08:23:16.982
2025-10-03 08:23:16.984 - [08:23:16] INFO: STARTUP TIMING: Starting 2-second UI delay at 2ms
2025-10-03 08:23:18.988 - [08:23:18] INFO: STARTUP TIMING: UI delay completed at 2006ms
2025-10-03 08:23:18.989 - [08:23:18] INFO: STARTUP TIMING: Starting service status check at 2007ms
2025-10-03 08:23:18.993 - [08:23:18] INFO: STARTUP TIMING: Service status check completed at 2008ms - Installed: True, Running: False, Status: Stopped
2025-10-03 08:23:18.994 - [08:23:18] INFO: STARTUP TIMING: Windows Service not running - starting standalone mode at 2011ms
2025-10-03 08:23:18.995 - [08:23:18] INFO: STARTUP TIMING: StartStandaloneMode started at 08:23:18.994
2025-10-03 08:23:18.995 - [08:23:18] INFO: STARTUP TIMING: Creating GCodeProcessorService at 0ms
2025-10-03 08:23:18.996 - [08:23:18] INFO: STARTUP TIMING: GCodeProcessorService created at 1ms
2025-10-03 08:23:18.996 - [08:23:18] INFO: STARTUP TIMING: Creating FtpService at 1ms
2025-10-03 08:23:18.997 - [08:23:18] INFO: STARTUP TIMING: FtpService created at 2ms
2025-10-03 08:23:18.997 - [08:23:18] INFO: STARTUP TIMING: Creating SyncOrchestrator at 2ms
2025-10-03 08:23:18.998 - [08:23:18] INFO: STARTUP TIMING: SyncOrchestrator created at 3ms
2025-10-03 08:23:18.999 - [08:23:18] INFO: STARTUP TIMING: Starting orchestrator at 4ms
2025-10-03 08:23:19.000 - [08:23:19] INFO: STARTUP TIMING: Starting G-Code Sync orchestrator at 08:23:19.000
2025-10-03 08:23:19.001 - [08:23:19] INFO: STARTUP TIMING: Loading configuration at 1ms
2025-10-03 08:23:19.002 - [08:23:19] INFO: STARTUP TIMING: Configuration loaded at 2ms
2025-10-03 08:23:19.003 - [08:23:19] INFO: STARTUP TIMING: Ensuring directories exist at 3ms
2025-10-03 08:23:19.005 - [08:23:19] INFO: STARTUP TIMING: Directory check completed at 4ms
2025-10-03 08:23:19.005 - [08:23:19] INFO: STARTUP TIMING: Starting FTP connection test at 5ms
2025-10-03 08:23:19.007 - [08:23:19] INFO: STARTUP TIMING: Testing FTP connection started at 08:23:19.006 - FTP Server: 192.168.15.90:21, User: anonymous, Mode: Anonymous
2025-10-03 08:23:19.008 - [08:23:19] INFO: STARTUP TIMING: Creating FTP request at 1ms
2025-10-03 08:23:19.008 - [08:23:19] INFO: STARTUP TIMING: Getting FTP response at 1ms
2025-10-03 08:23:19.010 - [08:23:19] INFO: STARTUP TIMING: Standalone mode start initiated at 2027ms
2025-10-03 08:23:19.010 - [08:23:19] INFO: STARTUP TIMING: AutoDetectAndStartMonitoring completed at 2028ms
2025-10-03 08:23:38.033 - [08:23:38] INFO: FTP response received - Status: Undefined - 
2025-10-03 08:23:38.034 - [08:23:38] ERROR: FTP connection failed - FTP Server: 192.168.15.90:21, User: anonymous, Mode: Anonymous. Status: Undefined - 
2025-10-03 08:23:38.035 - FTP connection test failed
2025-10-03 08:23:40.058 - [08:23:40] INFO: FTP response received - Status: Undefined - 
2025-10-03 08:23:40.059 - [08:23:40] ERROR: FTP connection failed - FTP Server: 192.168.15.90:21, User: anonymous, Mode: Anonymous. Status: Undefined - 
2025-10-03 08:23:40.070 - [08:23:40] ERROR: STARTUP TIMING: Failed to start sync orchestrator at 21060ms - Exception: FTP connection test failed. Please check configuration.
2025-10-03 08:23:48.827 - ShowForm_Click: Starting to show form
2025-10-03 08:23:48.829 - ShowForm_Click: Initial state - Location={X=0,Y=0}, Size={Width=800, Height=600}, Bounds={X=0,Y=0,Width=800,Height=600}
2025-10-03 08:23:48.830 - ShowForm_Click: Set WindowState to Normal
2025-10-03 08:23:48.831 - ShowForm_Click: Set size and position - Size={Width=800, Height=600}, Location={X=960,Y=510}
2025-10-03 08:23:48.831 - SetVisibleCore: Called with value=True, _allowVisible=True, WindowState=Normal
2025-10-03 08:23:48.881 - SetVisibleCore: Called with value=True, _allowVisible=True, WindowState=Normal
2025-10-03 08:23:48.920 - ShowForm_Click: Final state - Visible=True, WindowState=Normal
2025-10-03 08:23:48.920 - ShowForm_Click: Final position - Location={X=560,Y=210}, Size={Width=800, Height=600}, Bounds={X=560,Y=210,Width=800,Height=600}
2025-10-03 08:24:05.795 - [08:24:05] INFO: Uninstalling service and closing application
2025-10-03 08:24:08.076 - [08:24:08] INFO: Starting Windows Service uninstallation...
2025-10-03 08:24:08.083 - [08:24:08] INFO: Service found, checking if running...
2025-10-03 08:24:08.092 - [08:24:08] INFO: Service status: Stopped
2025-10-03 08:24:08.100 - [08:24:08] INFO: Executing sc.exe delete command with elevated permissions...
2025-10-03 08:24:09.863 - [08:24:09] INFO: Service uninstall exit code: 0
2025-10-03 08:24:11.630 - [08:24:11] INFO: Windows Service uninstalled successfully
2025-10-03 08:24:11.637 - [08:24:11] INFO: Service uninstalled, closing application
2025-10-03 08:24:11.644 - FormClosing: CloseReason=ApplicationExitCall, _isExiting=False, WindowState=Normal
2025-10-03 08:24:11.644 - FormClosing: Actually closing and disposing resources
2025-10-03 08:24:17.524 - LoadIconFromFile: Looking for icon at: C:\Users\Emils\Dropbox\CBWSS-SYNC\CBWSS-SYNC\GUI\CBWSS-Logo.png
2025-10-03 08:24:17.526 - LoadIconFromFile: File exists, loading as bitmap
2025-10-03 08:24:17.562 - LoadConfiguration: Starting load process
2025-10-03 08:24:17.562 - LoadConfiguration: Config file path = C:\Users\Emils\AppData\Roaming\GCodeSync\GCodeSyncConfig.json
2025-10-03 08:24:17.563 - LoadConfiguration: Loaded FtpServer = '192.168.15.90'
2025-10-03 08:24:17.563 - LoadConfiguration: Loaded FtpPort = 21
2025-10-03 08:24:17.564 - LoadConfiguration: Loaded WatchFolder = 'C:\Users\Emils\Dropbox\MozaikShared\CUSTOMBUILT\CNCSync\TESTNEWSYNC\GCode'
2025-10-03 08:24:17.564 - LoadConfiguration: Set txtFtpServer.Text to '192.168.15.90'
2025-10-03 08:24:17.567 - Initializing local browser to: C:\Users\Emils\Dropbox\MozaikShared\CUSTOMBUILT\CNCSync\TESTNEWSYNC\FTPUpload (Root boundary set)
2025-10-03 08:24:17.570 - Initializing remote browser with FTP connection
2025-10-03 08:24:17.571 - Loading FTP directory: /
2025-10-03 08:24:17.585 - [08:24:17] INFO: STARTUP TIMING: AutoDetectAndStartMonitoring started at 08:24:17.584
2025-10-03 08:24:17.586 - SetVisibleCore: Called with value=True, _allowVisible=False, WindowState=Minimized
2025-10-03 08:24:17.586 - [08:24:17] INFO: STARTUP TIMING: Starting 2-second UI delay at 1ms
2025-10-03 08:24:19.596 - [08:24:19] INFO: STARTUP TIMING: UI delay completed at 2011ms
2025-10-03 08:24:19.597 - [08:24:19] INFO: STARTUP TIMING: Starting service status check at 2012ms
2025-10-03 08:24:19.600 - [08:24:19] INFO: STARTUP TIMING: Service status check failed at 2015ms - Service not installed or accessible: Service 'GCodeSyncService' was not found on computer '.'.
2025-10-03 08:24:19.601 - [08:24:19] INFO: STARTUP TIMING: Windows Service not running - starting standalone mode at 2016ms
2025-10-03 08:24:19.602 - [08:24:19] INFO: STARTUP TIMING: StartStandaloneMode started at 08:24:19.602
2025-10-03 08:24:19.603 - [08:24:19] INFO: STARTUP TIMING: Creating GCodeProcessorService at 0ms
2025-10-03 08:24:19.604 - [08:24:19] INFO: STARTUP TIMING: GCodeProcessorService created at 1ms
2025-10-03 08:24:19.605 - [08:24:19] INFO: STARTUP TIMING: Creating FtpService at 2ms
2025-10-03 08:24:19.605 - [08:24:19] INFO: STARTUP TIMING: FtpService created at 2ms
2025-10-03 08:24:19.606 - [08:24:19] INFO: STARTUP TIMING: Creating SyncOrchestrator at 3ms
2025-10-03 08:24:19.607 - [08:24:19] INFO: STARTUP TIMING: SyncOrchestrator created at 4ms
2025-10-03 08:24:19.607 - [08:24:19] INFO: STARTUP TIMING: Starting orchestrator at 5ms
2025-10-03 08:24:19.608 - [08:24:19] INFO: STARTUP TIMING: Starting G-Code Sync orchestrator at 08:24:19.608
2025-10-03 08:24:19.610 - [08:24:19] INFO: STARTUP TIMING: Loading configuration at 1ms
2025-10-03 08:24:19.611 - [08:24:19] INFO: STARTUP TIMING: Configuration loaded at 2ms
2025-10-03 08:24:19.612 - [08:24:19] INFO: STARTUP TIMING: Ensuring directories exist at 3ms
2025-10-03 08:24:19.613 - [08:24:19] INFO: STARTUP TIMING: Directory check completed at 4ms
2025-10-03 08:24:19.614 - [08:24:19] INFO: STARTUP TIMING: Starting FTP connection test at 5ms
2025-10-03 08:24:19.615 - [08:24:19] INFO: STARTUP TIMING: Testing FTP connection started at 08:24:19.615 - FTP Server: 192.168.15.90:21, User: anonymous, Mode: Anonymous
2025-10-03 08:24:19.616 - [08:24:19] INFO: STARTUP TIMING: Creating FTP request at 1ms
2025-10-03 08:24:19.617 - [08:24:19] INFO: STARTUP TIMING: Getting FTP response at 2ms
2025-10-03 08:24:19.619 - [08:24:19] INFO: STARTUP TIMING: Standalone mode start initiated at 2034ms
2025-10-03 08:24:19.620 - [08:24:19] INFO: STARTUP TIMING: AutoDetectAndStartMonitoring completed at 2035ms
2025-10-03 08:24:25.478 - ShowForm_Click: Starting to show form
2025-10-03 08:24:25.479 - ShowForm_Click: Initial state - Location={X=0,Y=0}, Size={Width=800, Height=600}, Bounds={X=0,Y=0,Width=800,Height=600}
2025-10-03 08:24:25.480 - ShowForm_Click: Set WindowState to Normal
2025-10-03 08:24:25.480 - ShowForm_Click: Set size and position - Size={Width=800, Height=600}, Location={X=960,Y=510}
2025-10-03 08:24:25.481 - SetVisibleCore: Called with value=True, _allowVisible=True, WindowState=Normal
2025-10-03 08:24:25.518 - SetVisibleCore: Called with value=True, _allowVisible=True, WindowState=Normal
2025-10-03 08:24:25.530 - ShowForm_Click: Final state - Visible=True, WindowState=Normal
2025-10-03 08:24:25.530 - ShowForm_Click: Final position - Location={X=560,Y=210}, Size={Width=800, Height=600}, Bounds={X=560,Y=210,Width=800,Height=600}
2025-10-03 08:24:38.624 - [08:24:38] INFO: FTP response received - Status: Undefined - 
2025-10-03 08:24:38.629 - [08:24:38] ERROR: FTP connection failed - FTP Server: 192.168.15.90:21, User: anonymous, Mode: Anonymous. Status: Undefined - 
2025-10-03 08:24:38.635 - FTP connection test failed
2025-10-03 08:24:40.662 - [08:24:40] INFO: FTP response received - Status: Undefined - 
2025-10-03 08:24:40.669 - [08:24:40] ERROR: FTP connection failed - FTP Server: 192.168.15.90:21, User: anonymous, Mode: Anonymous. Status: Undefined - 
2025-10-03 08:24:40.686 - [08:24:40] ERROR: STARTUP TIMING: Failed to start sync orchestrator at 21066ms - Exception: FTP connection test failed. Please check configuration.
2025-10-03 08:24:56.531 - [08:24:56] INFO: Fully closing application
2025-10-03 08:24:56.536 - FormClosing: CloseReason=ApplicationExitCall, _isExiting=False, WindowState=Normal
2025-10-03 08:24:56.536 - FormClosing: Actually closing and disposing resources
